// Jest Snapshot v1, https://goo.gl/fbAQLP

exports[`ConfigProvider prefixCls prefixCls 1`] = `
<div
  class="ant-app"
>
  <button
    class="ant-btn ant-btn-default"
    type="button"
  >
    <span>
      button
    </span>
  </button>
  <div
    class="customPrefixCls-app"
  >
    <button
      class="customPrefixCls-btn customPrefixCls-btn-default"
      type="button"
    >
      <span>
        button
      </span>
    </button>
    <div
      class="customPrefixCls-app"
    >
      <button
        class="customPrefixCls-btn customPrefixCls-btn-default"
        type="button"
      >
        <span>
          button
        </span>
      </button>
    </div>
  </div>
</div>
`;

exports[`ConfigProvider prefixCls iconPrefixCls 1`] = `
<div
  class="ant-app"
>
  <span
    aria-label="plus"
    class="anticon anticon-plus"
    role="img"
  >
    <svg
      aria-hidden="true"
      data-icon="plus"
      fill="currentColor"
      focusable="false"
      height="1em"
      viewBox="64 64 896 896"
      width="1em"
    >
      <path
        d="M482 152h60q8 0 8 8v704q0 8-8 8h-60q-8 0-8-8V160q0-8 8-8z"
      />
      <path
        d="M192 474h672q8 0 8 8v60q0 8-8 8H160q-8 0-8-8v-60q0-8 8-8z"
      />
    </svg>
  </span>
  <div
    class="ant-app"
  >
    <span
      aria-label="plus"
      class="customIconPrefixCls customIconPrefixCls-plus"
      role="img"
    >
      <svg
        aria-hidden="true"
        data-icon="plus"
        fill="currentColor"
        focusable="false"
        height="1em"
        viewBox="64 64 896 896"
        width="1em"
      >
        <path
          d="M482 152h60q8 0 8 8v704q0 8-8 8h-60q-8 0-8-8V160q0-8 8-8z"
        />
        <path
          d="M192 474h672q8 0 8 8v60q0 8-8 8H160q-8 0-8-8v-60q0-8 8-8z"
        />
      </svg>
    </span>
    <div
      class="ant-app"
    >
      <span
        aria-label="plus"
        class="customIconPrefixCls customIconPrefixCls-plus"
        role="img"
      >
        <svg
          aria-hidden="true"
          data-icon="plus"
          fill="currentColor"
          focusable="false"
          height="1em"
          viewBox="64 64 896 896"
          width="1em"
        >
          <path
            d="M482 152h60q8 0 8 8v704q0 8-8 8h-60q-8 0-8-8V160q0-8 8-8z"
          />
          <path
            d="M192 474h672q8 0 8 8v60q0 8-8 8H160q-8 0-8-8v-60q0-8 8-8z"
          />
        </svg>
      </span>
    </div>
  </div>
</div>
`;
